../Core/Src/main.c:63:6:can_filter_init	48	static
../Core/Src/main.c:92:6:HAL_CAN_RxFifo0MsgPendingCallback	72	static
../Core/Src/main.c:141:6:HAL_CAN_RxFifo1MsgPendingCallback	72	static
../Core/Src/main.c:169:5:main	40	static
../Core/Src/main.c:225:6:SystemClock_Config	88	static
../Core/Src/main.c:271:13:MX_CAN1_Init	8	static
../Core/Src/main.c:308:13:MX_CAN2_Init	8	static
../Core/Src/main.c:345:13:MX_USART1_UART_Init	8	static
../Core/Src/main.c:378:13:MX_GPIO_Init	48	static
../Core/Src/main.c:408:6:Error_Handler	4	static,ignoring_inline_asm
